upgrade_helper.c:31:12:check_data_size	32	static
upgrade_helper.c:760:12:_snor_erase_generic	48	static
upgrade_helper.c:566:12:_mtd_erase_generic	144	static
upgrade_helper.c:54:13:verify_data.constprop	48	static
upgrade_helper.c:81:13:_mmc_get_dev	48	static
upgrade_helper.c:129:5:_mmc_write	112	static
upgrade_helper.c:197:5:_mmc_read	80	static
upgrade_helper.c:268:5:_mmc_erase	64	static
upgrade_helper.c:289:12:_mmc_erase_env	48	static
upgrade_helper.c:308:5:mmc_write_generic	64	static
upgrade_helper.c:320:5:mmc_read_generic	48	static
upgrade_helper.c:331:5:mmc_erase_generic	32	static
upgrade_helper.c:342:5:mmc_erase_env_generic	32	static
upgrade_helper.c:354:5:_mmc_find_part	64	static
upgrade_helper.c:398:5:mmc_write_part	240	static
upgrade_helper.c:417:5:mmc_read_part	224	static
upgrade_helper.c:435:5:mmc_erase_part	224	static
upgrade_helper.c:457:5:mmc_erase_env_part	224	static
upgrade_helper.c:541:5:mmc_write_gpt	176	static
upgrade_helper.c:615:5:mtd_erase_generic	0	static
upgrade_helper.c:620:5:mtd_write_generic	176	static
upgrade_helper.c:697:5:mtd_read_generic	128	static
upgrade_helper.c:731:5:mtd_erase_env	0	static
upgrade_helper.c:738:19:snor_get_dev	48	static
upgrade_helper.c:803:5:snor_erase_generic	0	static
upgrade_helper.c:808:5:snor_write_generic	112	static
upgrade_helper.c:868:5:snor_read_generic	48	static
upgrade_helper.c:896:5:snor_erase_env	0	static
