image.c:224:5:image_check_hcrc	96	static
image.c:239:5:image_check_dcrc	32	static
image.c:261:7:image_multi_count	0	static
image.c:294:6:image_multi_getimg	0	static
image.c:354:6:image_print_contents	80	static
image.c:419:5:image_decomp_type	32	static
image.c:434:5:image_decomp	112	static
image.c:527:22:get_table_entry	0	static
image.c:558:13:genimg_get_cat_name	48	static
image.c:578:13:genimg_get_cat_short_name	48	static
image.c:588:5:genimg_get_cat_count	0	static
image.c:593:13:genimg_get_cat_desc	0	static
image.c:608:6:genimg_cat_has_id	0	static
image.c:630:7:get_table_entry_name	0	static
image.c:638:13:genimg_get_os_name	0	static
image.c:643:13:genimg_get_arch_name	0	static
image.c:649:13:genimg_get_type_name	0	static
image.c:654:13:genimg_get_comp_name	0	static
image.c:668:13:genimg_get_type_short_name	0	static
image.c:673:13:genimg_get_comp_short_name	0	static
image.c:678:13:genimg_get_os_short_name	0	static
image.c:683:13:genimg_get_arch_short_name	0	static
image.c:702:5:get_table_entry_id	32	static
image.c:716:5:genimg_get_os_id	0	static
image.c:721:5:genimg_get_arch_id	0	static
image.c:726:5:genimg_get_type_id	0	static
image.c:731:5:genimg_get_comp_id	0	static
