mtk_eth.c:354:12:mtk_mmd_ind_read	64	static
mtk_eth.c:379:12:mtk_mmd_ind_write	64	static
mtk_eth.c:571:12:mtk_mdio_read	0	static
mtk_eth.c:581:12:mtk_mdio_write	0	static
mtk_eth.c:283:12:mtk_mii_rw	64	static
mtk_eth.c:321:12:mtk_mii_write	0	static
mtk_eth.c:315:12:mtk_mii_read	0	static
mtk_eth.c:1335:12:mtk_eth_write_hwaddr	32	static
mtk_eth.c:1323:13:mtk_eth_stop	48	static
mtk_eth.c:1400:12:mtk_eth_free_pkt	16	static
mtk_eth.c:1377:12:mtk_eth_recv	48	static
mtk_eth.c:1352:12:mtk_eth_send	64	static
mtk_eth.c:1282:12:mtk_eth_start	48	static
mtk_eth.c:1466:12:mtk_eth_of_to_plat	144	static
mtk_eth.c:1452:12:mtk_eth_remove	32	static
mtk_eth.c:437:12:mt753x_reg_write	48	static
mtk_eth.c:412:12:mt753x_reg_read	64	static
mtk_eth.c:468:12:mt7531_mii_rw	64	static
mtk_eth.c:532:5:mt7531_mmd_ind_read	48	static
mtk_eth.c:518:12:mt7531_mii_ind_write	0	static
mtk_eth.c:505:12:mt7531_mii_ind_read	0	static
mtk_eth.c:456:13:mt753x_reg_rmw	64	static
mtk_eth.c:840:12:mt7531_port_sgmii_init	32	static
mtk_eth.c:712:12:mt7530_setup	64	static
mtk_eth.c:551:12:mt7531_mmd_ind_write	48	static
mtk_eth.c:340:12:mtk_mmd_write	48	static
mtk_eth.c:327:12:mtk_mmd_read	48	static
mtk_eth.c:915:12:mt7531_setup	64	static
mtk_eth.c:996:5:mt753x_switch_init	48	static
mtk_eth.c:1415:12:mtk_eth_probe	64	static
