core.c:1029:12:spinand_noecc_ooblayout_ecc	0	static
core.c:1035:12:spinand_noecc_ooblayout_free	0	static
core.c:233:12:spinand_load_page_op	96	static
core.c:783:12:spinand_mtd_erase	0	static
core.c:802:12:spinand_mtd_block_isreserved	48	static
core.c:738:12:spinand_mtd_block_markbad	48	static
core.c:698:12:spinand_mtd_block_isbad	48	static
core.c:38:13:spinand_cache_op_adjust_colum.isra.0	0	static
core.c:243:12:spinand_read_from_cache_op	192	static
core.c:67:12:spinand_write_reg_op.isra.1	112	static
core.c:226:12:spinand_write_enable_op.isra.2	96	static
core.c:53:12:spinand_read_reg_op.isra.3	112	static
core.c:422:12:spinand_wait	64	static
core.c:887:1:spinand_select_op_variant.isra.4	144	static
core.c:551:12:spinand_write_page	192	static
core.c:123:5:spinand_upd_cfg	32	static
core.c:147:5:spinand_select_target	32	static
core.c:630:12:spinand_mtd_write	128	static
core.c:576:12:spinand_mtd_read	176	static
core.c:671:13:spinand_isbad	112	static
core.c:718:12:spinand_markbad	112	static
core.c:758:12:spinand_erase	96	static
core.c:1167:12:spinand_probe	208	static
core.c:824:1:spinand_find_supported_op	48	static
core.c:935:5:spinand_match_and_init	32	static
