clk-uclass.c:578:13:clk_clean_rate_cache	32	static
clk-uclass.c:74:12:clk_get_by_index_tail.isra.1.part.2	64	static
clk-uclass.c:115:12:clk_get_by_indexed_prop.isra.3	112	static
clk-uclass.c:486:5:clk_free.part.4	0	static
clk-uclass.c:501:7:clk_get_rate.part.5	0	static
clk-uclass.c:594:7:clk_set_rate.part.6	48	static
clk-uclass.c:612:5:clk_set_parent.part.7	0	static
clk-uclass.c:635:5:clk_enable.part.9	0	static
clk-uclass.c:695:5:clk_disable.part.10	0	static
clk-uclass.c:33:13:dev_get_clk_ptr	0	static
clk-uclass.c:139:5:clk_get_by_index	112	static
clk-uclass.c:151:5:clk_get_by_index_nodev	112	static
clk-uclass.c:372:5:clk_set_defaults	224	static
clk-uclass.c:846:5:clk_uclass_post_probe	16	static
clk-uclass.c:401:5:clk_get_by_name	32	static
clk-uclass.c:418:5:clk_get_by_name_nodev	32	static
clk-uclass.c:435:5:clk_get_optional_nodev	16	static
clk-uclass.c:446:5:clk_release_all	48	static
clk-uclass.c:163:5:clk_get_bulk	48	static
clk-uclass.c:469:5:clk_request	0	static
clk-uclass.c:486:5:clk_free	0	static
clk-uclass.c:501:7:clk_get_rate	0	static
clk-uclass.c:520:13:clk_get_parent	16	static
clk-uclass.c:539:11:clk_get_parent_rate	32	static
clk-uclass.c:563:7:clk_round_rate	0	static
clk-uclass.c:594:7:clk_set_rate	0	static
clk-uclass.c:612:5:clk_set_parent	0	static
clk-uclass.c:635:5:clk_enable	0	static
clk-uclass.c:682:5:clk_enable_bulk	48	static
clk-uclass.c:695:5:clk_disable	0	static
clk-uclass.c:746:5:clk_disable_bulk	48	static
clk-uclass.c:759:5:clk_get_by_id	64	static
clk-uclass.c:781:6:clk_is_match	0	static
clk-uclass.c:808:13:devm_clk_get	48	static
clk-uclass.c:825:13:devm_clk_get_optional	16	static
clk-uclass.c:835:6:devm_clk_put	0	static
