fdt_support.c:1097:12:of_bus_default_map	0	static
fdt_support.c:1702:12:fdt_read_prop	0	static
fdt_support.c:393:12:fdt_pack_reg	64	static
fdt_support.c:1113:12:of_bus_default_translate	64	static
fdt_support.c:1080:6:fdt_support_default_count_cells.part.3	32	static
fdt_support.c:1080:6:fdt_support_default_count_cells	48	static
fdt_support.c:1283:12:__of_translate_address	160	static
fdt_support.c:35:5:fdt_getprop_u32_default_node	48	static
fdt_support.c:65:5:fdt_getprop_u32_default	48	static
fdt_support.c:89:5:fdt_find_and_setprop	64	static
fdt_support.c:113:5:fdt_find_or_add_subnode	48	static
fdt_support.c:184:5:fdt_root	32	static
fdt_support.c:210:5:fdt_initrd	96	static
fdt_support.c:274:14:board_fdt_chosen_bootargs	0	static
fdt_support.c:279:5:fdt_chosen	48	static
fdt_support.c:311:6:do_fixup_by_path	32	static
fdt_support.c:327:6:do_fixup_by_path_u32	32	static
fdt_support.c:334:6:do_fixup_by_prop	96	static
fdt_support.c:355:6:do_fixup_by_prop_u32	32	static
fdt_support.c:363:6:do_fixup_by_compat	80	static
fdt_support.c:382:6:do_fixup_by_compat_u32	32	static
fdt_support.c:441:5:fdt_fixup_memory_banks	144	static
fdt_support.c:494:5:fdt_set_usable_memory	192	static
fdt_support.c:530:5:fdt_fixup_memory	32	static
fdt_support.c:535:6:fdt_fixup_ethernet	112	static
fdt_support.c:613:5:fdt_record_loadable	96	static
fdt_support.c:650:5:fdt_shrink_to_minimum	64	static
fdt_support.c:706:5:fdt_pci_dma_ranges	176	static
fdt_support.c:770:5:fdt_increase_size	0	static
fdt_support.c:1006:6:fdt_del_node_and_alias	32	static
fdt_support.c:1356:5:fdt_translate_address	0	static
fdt_support.c:1362:5:fdt_translate_dma_address	0	static
fdt_support.c:1368:5:fdt_get_dma_range	128	static
fdt_support.c:1450:5:fdt_node_offset_by_compat_reg	80	static
fdt_support.c:1471:5:fdt_alloc_phandle	48	static
fdt_support.c:1491:5:fdt_set_phandle	64	static
fdt_support.c:1530:14:fdt_create_phandle	48	static
fdt_support.c:1560:5:fdt_set_node_status	64	static
fdt_support.c:1601:5:fdt_set_status_by_alias	48	static
fdt_support.c:1647:5:fdt_verify_alias_address	80	static
fdt_support.c:1688:5:fdt_get_base_address	48	static
fdt_support.c:1751:5:fdt_read_range	128	static
fdt_support.c:1819:5:fdt_setup_simplefb_node	160	static
fdt_support.c:1872:5:fdt_fixup_display	80	static
fdt_support.c:1934:5:fdt_valid	48	static
