debug.c:102:13:dbg_snprintf_key	32	static
debug.c:141:13:dbg_ntype	0	static
debug.c:187:13:dbg_cstate	0	static
debug.c:207:13:dbg_jhead	0	static
debug.c:234:6:ubifs_dump_inode	0	static
debug.c:304:6:ubifs_dump_node	192	static
debug.c:551:6:ubifs_dump_budget_req	48	static
debug.c:568:6:ubifs_dump_lstats	64	static
debug.c:649:6:ubifs_dump_budg	0	static
debug.c:654:6:ubifs_dump_lprop	160	static
debug.c:745:6:ubifs_dump_lprops	192	static
debug.c:767:6:ubifs_dump_lpt_info	96	static
debug.c:805:6:ubifs_dump_sleb	96	static
debug.c:821:6:ubifs_dump_leb	128	static
debug.c:859:6:ubifs_dump_znode	224	static
debug.c:953:12:dump_znode	16	static
debug.c:898:6:ubifs_dump_heap	96	static
debug.c:914:6:ubifs_dump_pnode	96	static
debug.c:932:6:ubifs_dump_tnc	80	static
debug.c:1472:5:dbg_check_dir	0	static
debug.c:1477:6:dbg_debugfs_exit_fs	0	static
debug.c:1482:5:ubifs_debugging_init	0	static
debug.c:1486:6:ubifs_debugging_exit	0	static
debug.c:1489:5:dbg_check_filesystem	0	static
debug.c:1493:5:dbg_debugfs_init_fs	0	static
debug.c:1587:5:dbg_check_tnc	0	static
debug.c:1608:5:dbg_walk_index	128	static
debug.c:967:6:ubifs_dump_index	0	static
debug.c:1760:5:dbg_check_idx_size	0	static
