tnc.c:1909:13:insert_zbranch	0	static
tnc.c:76:12:insert_old_idx	64	static
tnc.c:638:12:tnc_prev	48	static
tnc.c:593:12:tnc_next	48	static
tnc.c:2885:28:left_znode	32	static
tnc.c:2975:28:lookup_znode	112	static
tnc.c:250:28:dirty_cow_znode	48	static
tnc.c:1079:28:dirty_cow_bottom_up	64	static
tnc.c:1294:12:lookup_level0_dirty	80	static
tnc.c:1877:13:correct_parent_keys.isra.4	0	static
tnc.c:391:12:tnc_read_node_nm	48	static
tnc.c:486:12:fallible_read_node.isra.9	144	static
tnc.c:808:12:fallible_matches_name.isra.12	64	static
tnc.c:878:12:fallible_resolve_collision.isra.13	128	static
tnc.c:1961:12:tnc_insert.constprop	80	static
tnc.c:521:12:matches_name.isra.10	64	static
tnc.c:690:12:resolve_collision.isra.11	96	static
tnc.c:117:5:insert_old_idx_znode	0	static
tnc.c:2377:12:tnc_delete	64	static
tnc.c:178:6:destroy_old_idx	32	static
tnc.c:1158:5:ubifs_lookup_level0	80	static
tnc.c:1433:5:ubifs_tnc_locate.part.16	112	static
tnc.c:1433:5:ubifs_tnc_locate	0	static
tnc.c:1507:5:ubifs_tnc_get_bu_keys	80	static
tnc.c:1738:5:ubifs_tnc_bulk_read	128	static
tnc.c:1843:5:ubifs_tnc_lookup_nm	64	static
tnc.c:2153:5:ubifs_tnc_add	128	static
tnc.c:2202:5:ubifs_tnc_replace	144	static
tnc.c:2490:5:ubifs_tnc_remove	48	static
tnc.c:2520:5:ubifs_tnc_remove_nm	64	static
tnc.c:2285:5:ubifs_tnc_add_nm	144	static
tnc.c:2590:5:ubifs_tnc_remove_range	96	static
tnc.c:2752:25:ubifs_tnc_next_ent	96	static
tnc.c:2672:5:ubifs_tnc_remove_ino	112	static
tnc.c:2861:6:ubifs_tnc_close	32	static
tnc.c:3104:5:is_idx_node_in_tnc	16	static
tnc.c:3201:5:ubifs_tnc_has_node	96	static
tnc.c:3241:5:ubifs_dirty_idx_node	32	static
tnc.c:3277:5:dbg_check_inode_size	0	static
