device.c:791:24:_device_find_global_by_ofnode	48	static
device.c:301:14:alloc_priv	32	static
device.c:636:7:dev_get_priv.part.5	16	static
device.c:646:7:dev_get_uclass_priv.part.6	16	static
device.c:656:7:dev_get_parent_priv.part.7	16	static
device.c:38:12:device_bind_common.isra.10	112	static
device.c:238:5:device_bind_with_driver_data	0	static
device.c:247:5:device_bind	0	static
device.c:255:5:device_bind_by_name	48	static
device.c:279:5:device_reparent	0	static
device.c:393:5:device_of_to_plat	0	static
device.c:393:5:device_of_to_plat.part.8	48	static
device.c:485:5:device_probe	48	static
device.c:666:12:device_get_device_tail.part.9	32	static
device.c:606:7:dev_get_plat	16	static
device.c:616:7:dev_get_parent_plat	16	static
device.c:626:7:dev_get_uclass_plat	16	static
device.c:636:7:dev_get_priv	0	static
device.c:646:7:dev_get_uclass_priv	0	static
device.c:656:7:dev_get_parent_priv	0	static
device.c:710:5:device_get_child	0	static
device.c:723:5:device_get_child_count	0	static
device.c:734:5:device_find_child_by_seq	0	static
device.c:751:5:device_get_child_by_seq	0	static
device.c:763:5:device_find_child_by_of_offset	0	static
device.c:780:5:device_get_child_by_of_offset	0	static
device.c:808:5:device_find_global_by_ofnode	16	static
device.c:815:5:device_get_global_by_ofnode	16	static
device.c:843:5:device_find_first_child	0	static
device.c:855:5:device_find_next_child	0	static
device.c:870:5:device_find_first_inactive_child	0	static
device.c:888:5:device_find_first_child_by_uclass	0	static
device.c:905:5:device_find_child_by_name	48	static
device.c:922:5:device_first_child_err	0	static
device.c:933:5:device_next_child_err	0	static
device.c:944:5:device_first_child_ofdata_err	32	static
device.c:962:5:device_next_child_ofdata_err	32	static
device.c:980:17:dev_get_parent	0	static
device.c:985:7:dev_get_driver_data	0	static
device.c:990:13:dev_get_driver_ops	0	static
device.c:998:16:device_get_uclass_id	0	static
device.c:1003:13:dev_get_uclass_name	0	static
device.c:1011:6:device_has_children	0	static
device.c:1016:6:device_has_active_children	0	static
device.c:1030:6:device_is_last_sibling	0	static
device.c:1039:6:device_set_name_alloced	0	static
device.c:1044:5:device_set_name	32	static
device.c:1055:6:dev_set_priv	0	static
device.c:1060:6:dev_set_parent_priv	0	static
device.c:1065:6:dev_set_uclass_priv	0	static
device.c:1070:6:dev_set_plat	0	static
device.c:1075:6:dev_set_parent_plat	0	static
device.c:1080:6:dev_set_uclass_plat	0	static
device.c:1086:6:device_is_compatible	16	static
device.c:1091:6:of_machine_is_compatible	16	static
device.c:1098:5:dev_disable_by_path	16	static
device.c:1128:5:dev_enable_by_path	16	static
